// Jest Snapshot v1, https://goo.gl/fbAQLP

exports[`should render add expense page correctly 1`] = `
<div>
  <h3>
    Add an expense in this page.
  </h3>
  <ExpenseForm
    onSubmit={[Function]}
  />
</div>
`;
