// Jest Snapshot v1, https://goo.gl/fbAQLP

exports[`should render add expense page correctly 1`] = `
<div>
  <ExpenseForm
    expense={
      Object {
        "amount": 400,
        "createdAt": -432000000,
        "description": "Gas Bill",
        "id": "3",
        "note": "",
        "paidTo": "Bharat Gas",
      }
    }
    onSubmit={[Function]}
  />
  <button
    onClick={[Function]}
  >
    Remove
  </button>
</div>
`;
